dmesge
[    0.000000] Booting Linux on physical CPU 0x0
[    0.000000] Linux version 6.1.21-v7+ (dom@buildbot) (arm-linux-gnueabihf-gcc-8 (Ubuntu/Linaro 8.4.0-3ubuntu1) 8.4.0, GNU ld (GNU Binutils for Ubuntu) 2.34) #1642 SMP Mon Apr  3 17:20:52 BST 2023
[    0.000000] CPU: ARMv7 Processor [410fd034] revision 4 (ARMv7), cr=10c5383d
[    0.000000] CPU: div instructions available: patching division code
[    0.000000] CPU: PIPT / VIPT nonaliasing data cache, VIPT aliasing instruction cache
[    0.000000] OF: fdt: Machine model: Raspberry Pi 3 Model B Plus Rev 1.3
[    0.000000] random: crng init done
[    0.000000] Memory policy: Data cache writealloc
[    0.000000] Reserved memory: created CMA memory pool at 0x1ec00000, size 256 MiB
[    0.000000] OF: reserved mem: initialized node linux,cma, compatible id shared-dma-pool
[    0.000000] Zone ranges:
[    0.000000]   DMA      [mem 0x0000000000000000-0x000000003b3fffff]
[    0.000000]   Normal   empty
[    0.000000] Movable zone start for each node
[    0.000000] Early memory node ranges
[    0.000000]   node   0: [mem 0x0000000000000000-0x000000003b3fffff]
[    0.000000] Initmem setup node 0 [mem 0x0000000000000000-0x000000003b3fffff]
[    0.000000] percpu: Embedded 17 pages/cpu s36884 r8192 d24556 u69632
[    0.000000] pcpu-alloc: s36884 r8192 d24556 u69632 alloc=17*4096
[    0.000000] pcpu-alloc: [0] 0 [0] 1 [0] 2 [0] 3 
[    0.000000] Built 1 zonelists, mobility grouping on.  Total pages: 240555
[    0.000000] Kernel command line: coherent_pool=1M 8250.nr_uarts=0 snd_bcm2835.enable_headphones=0 snd_bcm2835.enable_headphones=1 snd_bcm2835.enable_hdmi=1 snd_bcm2835.enable_hdmi=0 video=HDMI-A-1:1920x1080M@60 vc_mem.mem_base=0x3ec00000 vc_mem.mem_size=0x40000000  console=ttyS0,115200 console=tty1 root=PARTUUID=1b3618a9-02 rootfstype=ext4 fsck.repair=yes rootwait quiet splash plymouth.ignore-serial-consoles
[    0.000000] Unknown kernel command line parameters "splash", will be passed to user space.
[    0.000000] Dentry cache hash table entries: 131072 (order: 7, 524288 bytes, linear)
[    0.000000] Inode-cache hash table entries: 65536 (order: 6, 262144 bytes, linear)
[    0.000000] mem auto-init: stack:off, heap alloc:off, heap free:off
[    0.000000] Memory: 680924K/970752K available (10240K kernel code, 1452K rwdata, 2900K rodata, 1024K init, 613K bss, 27684K reserved, 262144K cma-reserved)
[    0.000000] SLUB: HWalign=64, Order=0-3, MinObjects=0, CPUs=4, Nodes=1
[    0.000000] ftrace: allocating 34800 entries in 103 pages
[    0.000000] ftrace: allocated 102 pages with 4 groups
[    0.000000] trace event string verifier disabled
[    0.000000] rcu: Hierarchical RCU implementation.
[    0.000000] 	Rude variant of Tasks RCU enabled.
[    0.000000] 	Tracing variant of Tasks RCU enabled.
[    0.000000] rcu: RCU calculated value of scheduler-enlistment delay is 10 jiffies.
[    0.000000] NR_IRQS: 16, nr_irqs: 16, preallocated irqs: 16
[    0.000000] rcu: srcu_init: Setting srcu_struct sizes based on contention.
[    0.000000] arch_timer: cp15 timer(s) running at 19.20MHz (phys).
[    0.000000] clocksource: arch_sys_counter: mask: 0xffffffffffffff max_cycles: 0x46d987e47, max_idle_ns: 440795202767 ns
[    0.000001] sched_clock: 56 bits at 19MHz, resolution 52ns, wraps every 4398046511078ns
[    0.000018] Switching to timer-based delay loop, resolution 52ns
[    0.000382] Console: colour dummy device 80x30
[    0.000459] printk: console [tty1] enabled
[    0.000509] Calibrating delay loop (skipped), value calculated using timer frequency.. 38.40 BogoMIPS (lpj=192000)
[    0.000532] pid_max: default: 32768 minimum: 301
[    0.000684] LSM: Security Framework initializing
[    0.000889] Mount-cache hash table entries: 2048 (order: 1, 8192 bytes, linear)
[    0.000912] Mountpoint-cache hash table entries: 2048 (order: 1, 8192 bytes, linear)
[    0.002125] cgroup: Disabling memory control group subsystem
[    0.002393] CPU: Testing write buffer coherency: ok
[    0.002857] CPU0: thread -1, cpu 0, socket 0, mpidr 80000000
[    0.003744] cblist_init_generic: Setting adjustable number of callback queues.
[    0.003765] cblist_init_generic: Setting shift to 2 and lim to 1.
[    0.003882] cblist_init_generic: Setting shift to 2 and lim to 1.
[    0.004029] Setting up static identity map for 0x100000 - 0x10003c
[    0.004169] rcu: Hierarchical SRCU implementation.
[    0.004179] rcu: 	Max phase no-delay instances is 1000.
[    0.004935] smp: Bringing up secondary CPUs ...
[    0.005903] CPU1: thread -1, cpu 1, socket 0, mpidr 80000001
[    0.006921] CPU2: thread -1, cpu 2, socket 0, mpidr 80000002
[    0.007842] CPU3: thread -1, cpu 3, socket 0, mpidr 80000003
[    0.007946] smp: Brought up 1 node, 4 CPUs
[    0.007969] SMP: Total of 4 processors activated (153.60 BogoMIPS).
[    0.007982] CPU: All CPU(s) started in HYP mode.
[    0.007989] CPU: Virtualization extensions available.
[    0.008803] devtmpfs: initialized
[    0.024456] VFP support v0.3: implementor 41 architecture 3 part 40 variant 3 rev 4
[    0.024682] clocksource: jiffies: mask: 0xffffffff max_cycles: 0xffffffff, max_idle_ns: 19112604462750000 ns
[    0.024715] futex hash table entries: 1024 (order: 4, 65536 bytes, linear)
[    0.035538] pinctrl core: initialized pinctrl subsystem
[    0.036834] NET: Registered PF_NETLINK/PF_ROUTE protocol family
[    0.040376] DMA: preallocated 1024 KiB pool for atomic coherent allocations
[    0.045526] audit: initializing netlink subsys (disabled)
[    0.045804] audit: type=2000 audit(0.040:1): state=initialized audit_enabled=0 res=1
[    0.046443] thermal_sys: Registered thermal governor 'step_wise'
[    0.047545] hw-breakpoint: found 5 (+1 reserved) breakpoint and 4 watchpoint registers.
[    0.047563] hw-breakpoint: maximum watchpoint size is 8 bytes.
[    0.047829] Serial: AMBA PL011 UART driver
[    0.053708] bcm2835-mbox 3f00b880.mailbox: mailbox enabled
[    0.070090] raspberrypi-firmware soc:firmware: Attached to firmware from 2023-03-17T10:52:42, variant start
[    0.080103] raspberrypi-firmware soc:firmware: Firmware hash is 82f3750a65fadae9a38077e3c2e217ad158c8d54
[    0.122760] kprobes: kprobe jump-optimization is enabled. All kprobes are optimized if possible.
[    0.127959] bcm2835-dma 3f007000.dma: DMA legacy API manager, dmachans=0x1
[    0.129688] SCSI subsystem initialized
[    0.129930] usbcore: registered new interface driver usbfs
[    0.129994] usbcore: registered new interface driver hub
[    0.130050] usbcore: registered new device driver usb
[    0.130277] usb_phy_generic phy: supply vcc not found, using dummy regulator
[    0.130457] usb_phy_generic phy: dummy supplies not allowed for exclusive requests
[    0.130723] pps_core: LinuxPPS API ver. 1 registered
[    0.130734] pps_core: Software ver. 5.3.6 - Copyright 2005-2007 Rodolfo Giometti <giometti@linux.it>
[    0.130762] PTP clock support registered
[    2.009276] clocksource: Switched to clocksource arch_sys_counter
[    2.010036] VFS: Disk quotas dquot_6.6.0
[    2.010124] VFS: Dquot-cache hash table entries: 1024 (order 0, 4096 bytes)
[    2.010296] FS-Cache: Loaded
[    2.010561] CacheFiles: Loaded
[    2.065554] NET: Registered PF_INET protocol family
[    2.065998] IP idents hash table entries: 16384 (order: 5, 131072 bytes, linear)
[    2.068599] tcp_listen_portaddr_hash hash table entries: 512 (order: 0, 4096 bytes, linear)
[    2.068656] Table-perturb hash table entries: 65536 (order: 6, 262144 bytes, linear)
[    2.068742] TCP established hash table entries: 8192 (order: 3, 32768 bytes, linear)
[    2.068861] TCP bind hash table entries: 8192 (order: 5, 131072 bytes, linear)
[    2.069266] TCP: Hash tables configured (established 8192 bind 8192)
[    2.069477] UDP hash table entries: 512 (order: 2, 16384 bytes, linear)
[    2.069537] UDP-Lite hash table entries: 512 (order: 2, 16384 bytes, linear)
[    2.069804] NET: Registered PF_UNIX/PF_LOCAL protocol family
[    2.070405] RPC: Registered named UNIX socket transport module.
[    2.070419] RPC: Registered udp transport module.
[    2.070428] RPC: Registered tcp transport module.
[    2.070436] RPC: Registered tcp NFSv4.1 backchannel transport module.
[    2.072341] hw perfevents: enabled with armv7_cortex_a7 PMU driver, 7 counters available
[    2.112864] Initialise system trusted keyrings
[    2.113261] workingset: timestamp_bits=14 max_order=18 bucket_order=4
[    2.122652] zbud: loaded
[    2.125177] NFS: Registering the id_resolver key type
[    2.125225] Key type id_resolver registered
[    2.125235] Key type id_legacy registered
[    2.125366] nfs4filelayout_init: NFSv4 File Layout Driver Registering...
[    2.125379] nfs4flexfilelayout_init: NFSv4 Flexfile Layout Driver Registering...
[    2.126713] Key type asymmetric registered
[    2.126726] Asymmetric key parser 'x509' registered
[    2.126910] Block layer SCSI generic (bsg) driver version 0.4 loaded (major 247)
[    2.126926] io scheduler mq-deadline registered
[    2.126938] io scheduler kyber registered
[    2.131379] simple-framebuffer 3e402000.framebuffer: framebuffer at 0x3e402000, 0x7f8000 bytes
[    2.131414] simple-framebuffer 3e402000.framebuffer: format=a8r8g8b8, mode=1920x1080x32, linelength=7680
[    2.132006] Console: switching to colour frame buffer device 240x67
[    2.158881] simple-framebuffer 3e402000.framebuffer: fb0: simplefb registered!
[    2.163628] bcm2835-rng 3f104000.rng: hwrng registered
[    2.163988] vc-mem: phys_addr:0x00000000 mem_base=0x3ec00000 mem_size:0x40000000(1024 MiB)
[    2.164830] gpiomem-bcm2835 3f200000.gpiomem: Initialised: Registers at 0x3f200000
[    2.175642] brd: module loaded
[    2.183347] loop: module loaded
[    2.184018] Loading iSCSI transport class v2.0-870.
[    2.185462] usbcore: registered new interface driver lan78xx
[    2.185523] usbcore: registered new interface driver smsc95xx
[    2.185545] dwc_otg: version 3.00a 10-AUG-2012 (platform bus)
[    2.913676] Core Release: 2.80a
[    2.913692] Setting default values for core params
[    2.913719] Finished setting default values for core params
[    3.113992] Using Buffer DMA mode
[    3.114002] Periodic Transfer Interrupt Enhancement - disabled
[    3.114010] Multiprocessor Interrupt Enhancement - disabled
[    3.114019] OTG VER PARAM: 0, OTG VER FLAG: 0
[    3.114034] Dedicated Tx FIFOs mode

[    3.114998] WARN::dwc_otg_hcd_init:1074: FIQ DMA bounce buffers: virt = 9ed04000 dma = 0xded04000 len=9024
[    3.115039] FIQ FSM acceleration enabled for :
               Non-periodic Split Transactions
               Periodic Split Transactions
               High-Speed Isochronous Endpoints
               Interrupt/Control Split Transaction hack enabled
[    3.115055] dwc_otg: Microframe scheduler enabled

[    3.115173] WARN::hcd_init_fiq:457: FIQ on core 1

[    3.115193] WARN::hcd_init_fiq:458: FIQ ASM at 807c4360 length 36

[    3.115215] WARN::hcd_init_fiq:497: MPHI regs_base at bb810000
[    3.115240] dwc_otg 3f980000.usb: DWC OTG Controller
[    3.115277] dwc_otg 3f980000.usb: new USB bus registered, assigned bus number 1
[    3.115317] dwc_otg 3f980000.usb: irq 89, io mem 0x00000000
[    3.115371] Init: Port Power? op_state=1
[    3.115380] Init: Power Port (0)
[    3.115603] usb usb1: New USB device found, idVendor=1d6b, idProduct=0002, bcdDevice= 6.01
[    3.115623] usb usb1: New USB device strings: Mfr=3, Product=2, SerialNumber=1
[    3.115638] usb usb1: Product: DWC OTG Controller
[    3.115650] usb usb1: Manufacturer: Linux 6.1.21-v7+ dwc_otg_hcd
[    3.115663] usb usb1: SerialNumber: 3f980000.usb
[    3.116344] hub 1-0:1.0: USB hub found
[    3.116393] hub 1-0:1.0: 1 port detected
[    3.117062] dwc_otg: FIQ enabled
[    3.117072] dwc_otg: NAK holdoff enabled
[    3.117081] dwc_otg: FIQ split-transaction FSM enabled
[    3.117096] Module dwc_common_port init
[    3.117432] usbcore: registered new interface driver usb-storage
[    3.117651] mousedev: PS/2 mouse device common for all mice
[    3.120579] sdhci: Secure Digital Host Controller Interface driver
[    3.120593] sdhci: Copyright(c) Pierre Ossman
[    3.120855] sdhci-pltfm: SDHCI platform and OF driver helper
[    3.122840] ledtrig-cpu: registered to indicate activity on CPUs
[    3.123175] hid: raw HID events driver (C) Jiri Kosina
[    3.123320] usbcore: registered new interface driver usbhid
[    3.123331] usbhid: USB HID core driver
[    3.127722] Initializing XFRM netlink socket
[    3.127792] NET: Registered PF_PACKET protocol family
[    3.127906] Key type dns_resolver registered
[    3.128850] Registering SWP/SWPB emulation handler
[    3.129765] registered taskstats version 1
[    3.129823] Loading compiled-in X.509 certificates
[    3.130732] Key type .fscrypt registered
[    3.130745] Key type fscrypt-provisioning registered
[    3.142574] uart-pl011 3f201000.serial: cts_event_workaround enabled
[    3.142729] 3f201000.serial: ttyAMA0 at MMIO 0x3f201000 (irq = 114, base_baud = 0) is a PL011 rev2
[    3.144814] bcm2835-wdt bcm2835-wdt: Broadcom BCM2835 watchdog timer
[    3.145100] bcm2835-power bcm2835-power: Broadcom BCM2835 power domains driver
[    3.146399] mmc-bcm2835 3f300000.mmcnr: mmc_debug:0 mmc_debug2:0
[    3.146416] mmc-bcm2835 3f300000.mmcnr: DMA channel allocated
[    3.174324] sdhost: log_buf @ e6c59180 (ded03000)
[    3.224693] mmc0: sdhost-bcm2835 loaded - DMA enabled (>1)
[    3.226988] of_cfs_init
[    3.227220] of_cfs_init: OK
[    3.228338] Waiting for root device PARTUUID=1b3618a9-02...
[    3.239345] Indeed it is in host mode hprt0 = 00021501
[    3.258930] mmc0: host does not support reading read-only switch, assuming write-enable
[    3.262353] mmc0: new high speed SDHC card at address 1234
[    3.263270] mmcblk0: mmc0:1234 SA32G 28.9 GiB 
[    3.265999]  mmcblk0: p1 p2
[    3.266722] mmcblk0: mmc0:1234 SA32G 28.9 GiB
[    3.281173] mmc1: new high speed SDIO card at address 0001
[    3.298846] EXT4-fs (mmcblk0p2): mounted filesystem with ordered data mode. Quota mode: none.
[    3.298951] VFS: Mounted root (ext4 filesystem) readonly on device 179:2.
[    3.300227] devtmpfs: mounted
[    3.306075] Freeing unused kernel image (initmem) memory: 1024K
[    3.319733] Run /sbin/init as init process
[    3.319744]   with arguments:
[    3.319750]     /sbin/init
[    3.319759]     splash
[    3.319766]   with environment:
[    3.319773]     HOME=/
[    3.319780]     TERM=linux
[    3.459277] usb 1-1: new high-speed USB device number 2 using dwc_otg
[    3.459475] Indeed it is in host mode hprt0 = 00001101
[    3.699566] usb 1-1: New USB device found, idVendor=0424, idProduct=2514, bcdDevice= b.b3
[    3.699607] usb 1-1: New USB device strings: Mfr=0, Product=0, SerialNumber=0
[    3.700392] hub 1-1:1.0: USB hub found
[    3.700518] hub 1-1:1.0: 4 ports detected
[    3.817183] systemd[1]: System time before build time, advancing clock.
[    4.019350] usb 1-1.1: new high-speed USB device number 3 using dwc_otg
[    4.054699] NET: Registered PF_INET6 protocol family
[    4.056233] Segment Routing with IPv6
[    4.056278] In-situ OAM (IOAM) with IPv6
[    4.141118] systemd[1]: systemd 247.3-7+rpi1+deb11u1 running in system mode. (+PAM +AUDIT +SELINUX +IMA +APPARMOR +SMACK +SYSVINIT +UTMP +LIBCRYPTSETUP +GCRYPT +GNUTLS +ACL +XZ +LZ4 +ZSTD +SECCOMP +BLKID +ELFUTILS +KMOD +IDN2 -IDN +PCRE2 default-hierarchy=unified)
[    4.142209] systemd[1]: Detected architecture arm.
[    4.144064] systemd[1]: Set hostname to <raspberrypi>.
[    4.149597] usb 1-1.1: New USB device found, idVendor=0424, idProduct=2514, bcdDevice= b.b3
[    4.149620] usb 1-1.1: New USB device strings: Mfr=0, Product=0, SerialNumber=0
[    4.150317] hub 1-1.1:1.0: USB hub found
[    4.150436] hub 1-1.1:1.0: 3 ports detected
[    4.249253] usb 1-1.3: new full-speed USB device number 4 using dwc_otg
[    4.386117] usb 1-1.3: New USB device found, idVendor=046d, idProduct=c534, bcdDevice=29.01
[    4.386162] usb 1-1.3: New USB device strings: Mfr=1, Product=2, SerialNumber=0
[    4.386181] usb 1-1.3: Product: USB Receiver
[    4.386193] usb 1-1.3: Manufacturer: Logitech
[    4.394309] input: Logitech USB Receiver as /devices/platform/soc/3f980000.usb/usb1/1-1/1-1.3/1-1.3:1.0/0003:046D:C534.0001/input/input0
[    4.460752] hid-generic 0003:046D:C534.0001: input,hidraw0: USB HID v1.11 Keyboard [Logitech USB Receiver] on usb-3f980000.usb-1.3/input0
[    4.469710] input: Logitech USB Receiver Mouse as /devices/platform/soc/3f980000.usb/usb1/1-1/1-1.3/1-1.3:1.1/0003:046D:C534.0002/input/input1
[    4.470583] input: Logitech USB Receiver Consumer Control as /devices/platform/soc/3f980000.usb/usb1/1-1/1-1.3/1-1.3:1.1/0003:046D:C534.0002/input/input2
[    4.539842] input: Logitech USB Receiver System Control as /devices/platform/soc/3f980000.usb/usb1/1-1/1-1.3/1-1.3:1.1/0003:046D:C534.0002/input/input3
[    4.540594] hid-generic 0003:046D:C534.0002: input,hiddev96,hidraw1: USB HID v1.11 Mouse [Logitech USB Receiver] on usb-3f980000.usb-1.3/input1
[    4.959280] usb 1-1.1.1: new high-speed USB device number 5 using dwc_otg
[    5.099804] usb 1-1.1.1: New USB device found, idVendor=0424, idProduct=7800, bcdDevice= 3.00
[    5.099846] usb 1-1.1.1: New USB device strings: Mfr=0, Product=0, SerialNumber=0
[    5.100474] systemd[1]: /lib/systemd/system/plymouth-start.service:16: Unit configured to use KillMode=none. This is unsafe, as it disables systemd's process lifecycle management for the service. Please update your service to use a safer KillMode=, such as 'mixed' or 'control-group'. Support for KillMode=none is deprecated and will eventually be removed.
[    5.365195] lan78xx 1-1.1.1:1.0 (unnamed net_device) (uninitialized): No External EEPROM. Setting MAC Speed
[    5.383380] systemd[1]: Queued start job for default target Graphical Interface.
[    5.387604] lan78xx 1-1.1.1:1.0 (unnamed net_device) (uninitialized): int urb period 64
[    5.463864] systemd[1]: Created slice system-getty.slice.
[    5.465433] systemd[1]: Created slice system-modprobe.slice.
[    5.466576] systemd[1]: Created slice system-systemd\x2dfsck.slice.
[    5.467438] systemd[1]: Created slice User and Session Slice.
[    5.467994] systemd[1]: Started Forward Password Requests to Wall Directory Watch.
[    5.469481] systemd[1]: Set up automount Arbitrary Executable File Formats File System Automount Point.
[    5.470840] systemd[1]: Reached target Slices.
[    5.471121] systemd[1]: Reached target Swap.
[    5.472433] systemd[1]: Listening on Syslog Socket.
[    5.473230] systemd[1]: Listening on fsck to fsckd communication Socket.
[    5.473671] systemd[1]: Listening on initctl Compatibility Named Pipe.
[    5.474934] systemd[1]: Listening on Journal Audit Socket.
[    5.475703] systemd[1]: Listening on Journal Socket (/dev/log).
[    5.476615] systemd[1]: Listening on Journal Socket.
[    5.481542] systemd[1]: Listening on udev Control Socket.
[    5.482476] systemd[1]: Listening on udev Kernel Socket.
[    5.483785] systemd[1]: Condition check resulted in Huge Pages File System being skipped.
[    5.488876] systemd[1]: Mounting POSIX Message Queue File System...
[    5.494672] systemd[1]: Mounting RPC Pipe File System...
[    5.501284] systemd[1]: Mounting Kernel Debug File System...
[    5.508326] systemd[1]: Mounting Kernel Trace File System...
[    5.509337] systemd[1]: Condition check resulted in Kernel Module supporting RPCSEC_GSS being skipped.
[    5.519166] systemd[1]: Starting Restore / save the current clock...
[    5.526406] systemd[1]: Starting Set the console keyboard layout...
[    5.533448] systemd[1]: Starting Create list of static device nodes for the current kernel...
[    5.540611] systemd[1]: Starting Load Kernel Module configfs...
[    5.547705] systemd[1]: Starting Load Kernel Module drm...
[    5.555470] systemd[1]: Starting Load Kernel Module fuse...
[    5.562046] systemd[1]: Condition check resulted in Set Up Additional Binary Formats being skipped.
[    5.568713] systemd[1]: Starting File System Check on Root Device...
[    5.594134] systemd[1]: Starting Journal Service...
[    5.611288] systemd[1]: Starting Load Kernel Modules...
[    5.635241] systemd[1]: Starting Coldplug All udev Devices...
[    5.674514] systemd[1]: Mounted POSIX Message Queue File System.
[    5.675377] systemd[1]: Mounted RPC Pipe File System.
[    5.676064] systemd[1]: Mounted Kernel Debug File System.
[    5.677010] systemd[1]: Mounted Kernel Trace File System.
[    5.678847] systemd[1]: Finished Restore / save the current clock.
[    5.681778] systemd[1]: Finished Create list of static device nodes for the current kernel.
[    5.683934] systemd[1]: modprobe@configfs.service: Succeeded.
[    5.685292] systemd[1]: Finished Load Kernel Module configfs.
[    5.728916] fuse: init (API version 7.37)
[    5.740488] systemd[1]: Mounting Kernel Configuration File System...
[    5.747468] systemd[1]: Started File System Check Daemon to report status.
[    5.751138] systemd[1]: modprobe@fuse.service: Succeeded.
[    5.752565] systemd[1]: Finished Load Kernel Module fuse.
[    5.755792] i2c_dev: i2c /dev entries driver
[    5.785352] systemd[1]: Mounting FUSE Control File System...
[    5.792266] systemd[1]: Finished Load Kernel Modules.
[    5.799028] systemd[1]: Starting Apply Kernel Variables...
[    5.800685] systemd[1]: Mounted Kernel Configuration File System.
[    5.833553] systemd[1]: Mounted FUSE Control File System.
[    5.932563] systemd[1]: modprobe@drm.service: Succeeded.
[    5.933927] systemd[1]: Finished Load Kernel Module drm.
[    5.936347] systemd[1]: Finished Apply Kernel Variables.
[    5.984254] systemd[1]: Finished File System Check on Root Device.
[    5.991360] systemd[1]: Starting Remount Root and Kernel File Systems...
[    6.030714] systemd[1]: Started Journal Service.
[    6.171999] EXT4-fs (mmcblk0p2): re-mounted. Quota mode: none.
[    6.308314] systemd-journald[131]: Received client request to flush runtime journal.
[    6.330890] systemd-journald[131]: File /var/log/journal/31544587932b4a9da7af32d49a5466cb/system.journal corrupted or uncleanly shut down, renaming and replacing.
[    7.727722] vc_sm_cma: module is from the staging directory, the quality is unknown, you have been warned.
[    7.738997] mc: Linux media interface: v0.10
[    7.740522] bcm2835_vc_sm_cma_probe: Videocore shared memory driver
[    7.740565] [vc_sm_connected_init]: start
[    7.764449] [vc_sm_connected_init]: installed successfully
[    7.872328] videodev: Linux video capture interface: v2.00
[    7.903581] snd_bcm2835: module is from the staging directory, the quality is unknown, you have been warned.
[    7.990470] bcm2835_audio bcm2835_audio: card created with 8 channels
[    8.036297] bcm2835_mmal_vchiq: module is from the staging directory, the quality is unknown, you have been warned.
[    8.088348] bcm2835_isp: module is from the staging directory, the quality is unknown, you have been warned.
[    8.127587] bcm2835-isp bcm2835-isp: Device node output[0] registered as /dev/video13
[    8.128337] bcm2835-isp bcm2835-isp: Device node capture[0] registered as /dev/video14
[    8.128805] bcm2835-isp bcm2835-isp: Device node capture[1] registered as /dev/video15
[    8.129172] bcm2835-isp bcm2835-isp: Device node stats[2] registered as /dev/video16
[    8.129286] bcm2835-isp bcm2835-isp: Register output node 0 with media controller
[    8.129316] bcm2835-isp bcm2835-isp: Register capture node 1 with media controller
[    8.129333] bcm2835-isp bcm2835-isp: Register capture node 2 with media controller
[    8.129349] bcm2835-isp bcm2835-isp: Register capture node 3 with media controller
[    8.138553] bcm2835_v4l2: module is from the staging directory, the quality is unknown, you have been warned.
[    8.145748] bcm2835-isp bcm2835-isp: Device node output[0] registered as /dev/video20
[    8.146250] bcm2835-isp bcm2835-isp: Device node capture[0] registered as /dev/video21
[    8.146658] bcm2835-isp bcm2835-isp: Device node capture[1] registered as /dev/video22
[    8.147184] bcm2835-isp bcm2835-isp: Device node stats[2] registered as /dev/video23
[    8.147213] bcm2835-isp bcm2835-isp: Register output node 0 with media controller
[    8.147235] bcm2835-isp bcm2835-isp: Register capture node 1 with media controller
[    8.147262] bcm2835-isp bcm2835-isp: Register capture node 2 with media controller
[    8.147279] bcm2835-isp bcm2835-isp: Register capture node 3 with media controller
[    8.147510] bcm2835-isp bcm2835-isp: Loaded V4L2 bcm2835-isp
[    8.221347] bcm2835_codec: module is from the staging directory, the quality is unknown, you have been warned.
[    8.252816] bcm2835-codec bcm2835-codec: Device registered as /dev/video10
[    8.252879] bcm2835-codec bcm2835-codec: Loaded V4L2 decode
[    8.262485] bcm2835-codec bcm2835-codec: Device registered as /dev/video11
[    8.262547] bcm2835-codec bcm2835-codec: Loaded V4L2 encode
[    8.281796] bcm2835-codec bcm2835-codec: Device registered as /dev/video12
[    8.281863] bcm2835-codec bcm2835-codec: Loaded V4L2 isp
[    8.287939] bcm2835-codec bcm2835-codec: Device registered as /dev/video18
[    8.288003] bcm2835-codec bcm2835-codec: Loaded V4L2 image_fx
[    8.306650] bcm2835-codec bcm2835-codec: Device registered as /dev/video31
[    8.306715] bcm2835-codec bcm2835-codec: Loaded V4L2 encode_image
[    8.838799] cfg80211: Loading compiled-in X.509 certificates for regulatory database
[    9.072262] cfg80211: Loaded X.509 cert 'sforshee: 00b28ddf47aef9cea7'
[    9.132491] cfg80211: loaded regulatory.db is malformed or signature is missing/invalid
[    9.530594] Console: switching to colour dummy device 80x30
[    9.535868] vc4-drm soc:gpu: bound 3f400000.hvs (ops vc4_hvs_ops [vc4])
[    9.546476] Registered IR keymap rc-cec
[    9.546759] rc rc0: vc4-hdmi as /devices/platform/soc/3f902000.hdmi/rc/rc0
[    9.547048] input: vc4-hdmi as /devices/platform/soc/3f902000.hdmi/rc/rc0/input6
[    9.624992] brcmfmac: F1 signature read @0x18000000=0x15264345
[    9.634452] brcmfmac: brcmf_fw_alloc_request: using brcm/brcmfmac43455-sdio for chip BCM4345/6
[    9.635302] usbcore: registered new interface driver brcmfmac
[    9.751417] logitech-djreceiver 0003:046D:C534.0001: hidraw0: USB HID v1.11 Keyboard [Logitech USB Receiver] on usb-3f980000.usb-1.3/input0
[    9.787386] vc4-drm soc:gpu: bound 3f902000.hdmi (ops vc4_hdmi_ops [vc4])
[    9.787987] vc4-drm soc:gpu: bound 3f004000.txp (ops vc4_txp_ops [vc4])
[    9.788453] vc4-drm soc:gpu: bound 3f206000.pixelvalve (ops vc4_crtc_ops [vc4])
[    9.788946] vc4-drm soc:gpu: bound 3f207000.pixelvalve (ops vc4_crtc_ops [vc4])
[    9.789617] vc4-drm soc:gpu: bound 3f807000.pixelvalve (ops vc4_crtc_ops [vc4])
[    9.790055] vc4-drm soc:gpu: bound 3fc00000.v3d (ops vc4_v3d_ops [vc4])
[    9.863852] [drm] Initialized vc4 0.0.0 20140616 for soc:gpu on minor 0
[    9.952975] brcmfmac: brcmf_c_preinit_dcmds: Firmware: BCM4345/6 wl0: Nov  1 2021 00:37:25 version 7.45.241 (1a2f2fa CY) FWID 01-703fd60
[    9.971170] Console: switching to colour frame buffer device 240x67
[    9.971355] vc4-drm soc:gpu: [drm] fb0: vc4drmfb frame buffer device
[   10.088880] logitech-djreceiver 0003:046D:C534.0002: hiddev96,hidraw1: USB HID v1.11 Mouse [Logitech USB Receiver] on usb-3f980000.usb-1.3/input1
[   10.170974] logitech-djreceiver 0003:046D:C534.0002: device of type eQUAD nano Lite (0x0a) connected on slot 1
[   10.174653] input: Logitech Wireless Keyboard PID:4023 Keyboard as /devices/platform/soc/3f980000.usb/usb1/1-1/1-1.3/1-1.3:1.1/0003:046D:C534.0002/0003:046D:4023.0003/input/input7
[   10.175764] hid-generic 0003:046D:4023.0003: input,hidraw2: USB HID v1.11 Keyboard [Logitech Wireless Keyboard PID:4023] on usb-3f980000.usb-1.3/input1:1
[   10.187959] logitech-djreceiver 0003:046D:C534.0002: device of type eQUAD nano Lite (0x0a) connected on slot 2
[   10.194068] input: Logitech Wireless Mouse PID:4022 Mouse as /devices/platform/soc/3f980000.usb/usb1/1-1/1-1.3/1-1.3:1.1/0003:046D:C534.0002/0003:046D:4022.0004/input/input12
[   10.195932] hid-generic 0003:046D:4022.0004: input,hidraw3: USB HID v1.11 Mouse [Logitech Wireless Mouse PID:4022] on usb-3f980000.usb-1.3/input1:2
[   11.086816] 8021q: 802.1Q VLAN Support v1.8
[   11.124997] uart-pl011 3f201000.serial: no DMA platform data
[   11.338122] Adding 102396k swap on /var/swap.  Priority:-2 extents:1 across:102396k SSFS
[   11.362213] 8021q: adding VLAN 0 to HW filter on device eth0
[   11.367970] lan78xx 1-1.1.1:1.0 eth0: Link is Up - 1Gbps/Full - flow control rx/tx
[   11.375642] IPv6: ADDRCONF(NETDEV_CHANGE): eth0: link becomes ready
[   13.183762] brcmfmac: brcmf_cfg80211_set_power_mgmt: power save enabled
[   13.472613] input: Logitech Wireless Keyboard PID:4023 as /devices/platform/soc/3f980000.usb/usb1/1-1/1-1.3/1-1.3:1.1/0003:046D:C534.0002/0003:046D:4023.0003/input/input16
[   13.476049] logitech-hidpp-device 0003:046D:4023.0003: input,hidraw2: USB HID v1.11 Keyboard [Logitech Wireless Keyboard PID:4023] on usb-3f980000.usb-1.3/input1:1
[   13.603189] input: Logitech Wireless Mouse PID:4022 as /devices/platform/soc/3f980000.usb/usb1/1-1/1-1.3/1-1.3:1.1/0003:046D:C534.0002/0003:046D:4022.0004/input/input17
[   13.604453] logitech-hidpp-device 0003:046D:4022.0004: input,hidraw3: USB HID v1.11 Mouse [Logitech Wireless Mouse PID:4022] on usb-3f980000.usb-1.3/input1:2
[   20.475957] Bluetooth: Core ver 2.22
[   20.476074] NET: Registered PF_BLUETOOTH protocol family
[   20.476083] Bluetooth: HCI device and connection manager initialized
[   20.476109] Bluetooth: HCI socket layer initialized
[   20.476117] Bluetooth: L2CAP socket layer initialized
[   20.476137] Bluetooth: SCO socket layer initialized
[   20.498723] Bluetooth: HCI UART driver ver 2.3
[   20.498751] Bluetooth: HCI UART protocol H4 registered
[   20.498836] Bluetooth: HCI UART protocol Three-wire (H5) registered
[   20.498987] Bluetooth: HCI UART protocol Broadcom registered
[   21.312380] Bluetooth: BNEP (Ethernet Emulation) ver 1.3
[   21.312408] Bluetooth: BNEP filters: protocol multicast
[   21.312428] Bluetooth: BNEP socket layer initialized
[   21.320145] Bluetooth: MGMT ver 1.22
[   21.366854] NET: Registered PF_ALG protocol family
[   21.455240] cryptd: max_cpu_qlen set to 1000
[   21.735180] Bluetooth: RFCOMM TTY layer initialized
[   21.735224] Bluetooth: RFCOMM socket layer initialized
[   21.735249] Bluetooth: RFCOMM ver 1.11
[   27.703029] logitech-hidpp-device 0003:046D:4022.0004: HID++ 2.0 device connected.
[   32.930022] logitech-hidpp-device 0003:046D:4023.0003: HID++ 2.0 device connected.
[   77.039869] usb 1-1.3: USB disconnect, device number 4
[  284.029244] usb 1-1.3: new full-speed USB device number 6 using dwc_otg
[  284.164214] usb 1-1.3: New USB device found, idVendor=046d, idProduct=c534, bcdDevice=29.01
[  284.164250] usb 1-1.3: New USB device strings: Mfr=1, Product=2, SerialNumber=0
[  284.164266] usb 1-1.3: Product: USB Receiver
[  284.164279] usb 1-1.3: Manufacturer: Logitech
[  284.170249] logitech-djreceiver 0003:046D:C534.0005: hidraw0: USB HID v1.11 Keyboard [Logitech USB Receiver] on usb-3f980000.usb-1.3/input0
[  284.247330] logitech-djreceiver 0003:046D:C534.0006: hiddev96,hidraw1: USB HID v1.11 Mouse [Logitech USB Receiver] on usb-3f980000.usb-1.3/input1
[  284.312970] logitech-djreceiver 0003:046D:C534.0006: device of type eQUAD nano Lite (0x0a) connected on slot 1
[  284.329980] logitech-djreceiver 0003:046D:C534.0006: device of type eQUAD nano Lite (0x0a) connected on slot 2
[  284.398808] input: Logitech Wireless Keyboard PID:4023 as /devices/platform/soc/3f980000.usb/usb1/1-1/1-1.3/1-1.3:1.1/0003:046D:C534.0006/0003:046D:4023.0007/input/input18
[  284.400333] logitech-hidpp-device 0003:046D:4023.0007: input,hidraw2: USB HID v1.11 Keyboard [Logitech Wireless Keyboard PID:4023] on usb-3f980000.usb-1.3/input1:1
[  284.449434] input: Logitech Wireless Mouse PID:4022 as /devices/platform/soc/3f980000.usb/usb1/1-1/1-1.3/1-1.3:1.1/0003:046D:C534.0006/0003:046D:4022.0008/input/input19
[  284.449986] logitech-hidpp-device 0003:046D:4022.0008: input,hidraw3: USB HID v1.11 Mouse [Logitech Wireless Mouse PID:4022] on usb-3f980000.usb-1.3/input1:2
[  285.187988] logitech-hidpp-device 0003:046D:4022.0008: Can not get the protocol version.
[  285.269997] logitech-hidpp-device 0003:046D:4022.0008: HID++ 2.0 device connected.
[  788.869870] usb 1-1.3: USB disconnect, device number 6
analog@raspberrypi:~/Linux $ 